TMS470 Assembler PC v4.9.9 Wed Nov 20 09:41:28 2013

Tools Copyright (c) 1996-2013 Texas Instruments Incorporated
../src/_switch.asm                                                   PAGE    1

       1                    ; Set-up by VersD@hr.nl
       2                    
       3                            .global pushRegistersToCurrentPSP
       4                            .global popRegistersFromCurrentPSP
       5                            .global readPSP
       6                            .global readMSP
       7                            .global writePSP
       8                            .global writeMSP
       9                                    
      10 00000000           pushRegistersToCurrentPSP:
      11 00000000 8009F3EF                  MRS     R0      , psp                   ;Move PSP to register R0 (the function argumen
      12 00000004 0FF0E920                  STMDB   R0!     , {r4-r11}              ;Store multiple registers decrement address be
      13                                                                                            ;when done write back last use
      14 00000008 8809F380                  MSR     psp     , R0                    ;Move register %0 to psp to update to the new 
      15 0000000c 46F7                      MOV             PC      , LR                    ;return by moving link-register to pro
      16                    
      17                    
      18 0000000e           popRegistersFromCurrentPSP:
      19 0000000e 8009F3EF                  MRS     R0      , psp                   ;Move PSP to register R0 ; [KEEP 32-BIT INS]
      20 00000012 0FF0E8B0                  LDMFD   R0!     , {r4-r11}              ;Load multiple registers increment address aft
      21                                                                                            ;when done write back last use
      22 00000016 8809F380                  MSR     psp     , R0                    ;Move register R0 to psp to update to the new 
      23 0000001a 46F7                      MOV             PC      , LR                    ;return by moving link-register to pro
      24                    
      25 0000001c           readPSP:
      26 0000001c 8009F3EF                  MRS     R0 , psp                        ;move psp to r0 ; [KEEP 32-BIT INS]
      27 00000020 46F7                      MOV             PC      , LR                    ;return by moving link-register to pro
      28                    
      29 00000022           readMSP:
      30 00000022 8008F3EF                  MRS     R0 , msp                        ;move msp to r0 ; [KEEP 32-BIT INS]
      31 00000026 46F7                      MOV             PC      , LR                    ;return by moving link-register to pro
      32                    
      33 00000028           writePSP:
      34 00000028 8809F380          MSR     psp     , R0                    ;Move r0 to psp. ; [KEEP 32-BIT INS]
      35 0000002c 46F7                      MOV             PC      , LR                    ;return by moving link-register to pro
      36                    
      37 0000002e           writeMSP:
      38 0000002e 8808F380          MSR     msp     , R0                    ;Move r0 to msp. ; [KEEP 32-BIT INS]
      39 00000032 46F7                      MOV             PC      , LR                    ;return by moving link-register to pro

--------------------------
Thumb2 Statistics
--------------------------
Number of Thumb2 ins converted to Thumb = 0 (0%)
Number of Thumb ins in input = 7 (41%)
Number of Thumb2 ins encoded as Thumb2 = 10 (100%)
Number of Thumb2 ins converted to 2 OPND Thumb = 5


No Assembly Errors, No Assembly Warnings
