******************************************************************************
                  TMS470 Linker PC v4.9.9                      
******************************************************************************
>> Linked Thu Nov 28 14:16:51 2013

OUTPUT FILE NAME:   <project0.out>
ENTRY POINT SYMBOL: "_c_int00"  address: 00000a05


MEMORY CONFIGURATION

         name            origin    length      used     unused   attr    fill
----------------------  --------  ---------  --------  --------  ----  --------
  FLASH                 00000000   00040000  00000c88  0003f378  R  X
  SRAM                  20000000   00008000  00000670  00007990  RW X


SEGMENT ALLOCATION MAP

run origin  load origin   length   init length attrs members
----------  ----------- ---------- ----------- ----- -------
00000000    00000000    00000c88   00000c88    r-x
  00000000    00000000    0000026c   0000026c    r-- .intvecs
  0000026c    0000026c    000009dc   000009dc    r-x .text
  00000c48    00000c48    00000040   00000040    r-- .cinit
20000000    20000000    00000648   00000000    rw-
  20000000    20000000    00000400   00000000    rw- .sysmem
  20000400    20000400    00000148   00000000    rw- .bss
  20000548    20000548    00000100   00000000    rw- .stack
20000648    20000648    00000028   00000028    rw-
  20000648    20000648    00000028   00000028    rw- .data


SECTION ALLOCATION MAP

 output                                  attributes/
section   page    origin      length       input sections
--------  ----  ----------  ----------   ----------------
.intvecs   0    00000000    0000026c     
                  00000000    0000026c     startup_ccs.obj (.intvecs)

.init_array 
*          0    00000000    00000000     UNINITIALIZED

.text      0    0000026c    000009dc     
                  0000026c    000003e0     rtsv7M4_T_le_v4SPD16_eabi.lib : memory.obj (.text)
                  0000064c    00000110     task.obj (.text:addTaskToList)
                  0000075c    0000009c     rtsv7M4_T_le_v4SPD16_eabi.lib : memcpy_t2.obj (.text)
                  000007f8    00000094                                   : auto_init.obj (.text)
                  0000088c    00000068     schedule.obj (.text:PendSVISR)
                  000008f4    00000064     project0.obj (.text:main)
                  00000958    0000005e     rtsv7M4_T_le_v4SPD16_eabi.lib : copy_decompress_rle.obj (.text)
                  000009b6    00000002     startup_ccs.obj (.text:FaultISR)
                  000009b8    0000004c     rtsv7M4_T_le_v4SPD16_eabi.lib : cpy_tbl.obj (.text)
                  00000a04    00000048                                   : boot.obj (.text)
                  00000a4c    00000048     schedule.obj (.text:schedule)
                  00000a94    00000044     rtsv7M4_T_le_v4SPD16_eabi.lib : exit.obj (.text)
                  00000ad8    00000034     project0.obj (.text:initLeds)
                  00000b0c    00000034     switch.obj (.text)
                  00000b40    00000030     schedule.obj (.text:getNextTask)
                  00000b70    0000001c     project0.obj (.text:delay)
                  00000b8c    0000001c     project0.obj (.text:toggleBlue)
                  00000ba8    0000001c     project0.obj (.text:toggleGreen)
                  00000bc4    0000001c     project0.obj (.text:toggleRed)
                  00000be0    00000018     rtsv7M4_T_le_v4SPD16_eabi.lib : _lock.obj (.text)
                  00000bf8    00000018                                   : args_main.obj (.text)
                  00000c10    00000012                                   : copy_zero_init.obj (.text:decompress:ZI)
                  00000c22    0000000e                                   : copy_decompress_none.obj (.text:decompress:none)
                  00000c30    00000008     schedule.obj (.text:SystickISR)
                  00000c38    00000006     startup_ccs.obj (.text:ResetISR)
                  00000c3e    00000006     rtsv7M4_T_le_v4SPD16_eabi.lib : copy_decompress_rle.obj (.text:decompress:rle24)
                  00000c44    00000002     startup_ccs.obj (.text:IntDefaultHandler)
                  00000c46    00000002     startup_ccs.obj (.text:NmiSR)

.cinit     0    00000c48    00000040     
                  00000c48    00000019     (.cinit..data.load) [load image, compression = rle]
                  00000c61    00000003     --HOLE-- [fill = 0]
                  00000c64    0000000c     (__TI_handler_table)
                  00000c70    00000008     (.cinit..bss.load) [load image, compression = zero_init]
                  00000c78    00000010     (__TI_cinit_table)

.sysmem    0    20000000    00000400     UNINITIALIZED
                  20000000    00000008     rtsv7M4_T_le_v4SPD16_eabi.lib : memory.obj (.sysmem)
                  20000008    000003f8     --HOLE--

.bss       0    20000400    00000148     UNINITIALIZED
                  20000400    00000140     task.obj (.bss:taskList)
                  20000540    00000008     schedule.obj (.bss)

.stack     0    20000548    00000100     UNINITIALIZED
                  20000548    00000100     --HOLE--

.data      0    20000648    00000028     
                  20000648    0000000c     rtsv7M4_T_le_v4SPD16_eabi.lib : memory.obj (.data)
                  20000654    00000008                                   : _lock.obj (.data)
                  2000065c    00000008                                   : exit.obj (.data)
                  20000664    00000008     schedule.obj (.data)
                  2000066c    00000004     rtsv7M4_T_le_v4SPD16_eabi.lib : stkdepth_vars.obj (.data)


LINKER GENERATED COPY TABLES

__TI_cinit_table @ 00000c78 records: 2, size/record: 8, table size: 16
	.data: load addr=00000c48, load size=00000019 bytes, run addr=20000648, run size=00000028 bytes, compression=rle
	.bss: load addr=00000c70, load size=00000008 bytes, run addr=20000400, run size=00000148 bytes, compression=zero_init


LINKER GENERATED HANDLER TABLE

__TI_handler_table @ 00000c64 records: 3, size/record: 4, table size: 12
	index: 0, handler: __TI_decompress_rle24
	index: 1, handler: __TI_decompress_none
	index: 2, handler: __TI_zero_init


GLOBAL SYMBOLS: SORTED ALPHABETICALLY BY Name 

address    name
--------   ----
00000a95   C$$EXIT
0000088d   PendSVISR
00000c39   ResetISR
UNDEFED    SHT$$INIT_ARRAY$$Base
UNDEFED    SHT$$INIT_ARRAY$$Limit
00000c31   SystickISR
20000648   __STACK_END
00000100   __STACK_SIZE
20000648   __STACK_TOP
00000400   __SYSMEM_SIZE
00000c78   __TI_CINIT_Base
00000c88   __TI_CINIT_Limit
00000c64   __TI_Handler_Table_Base
00000c70   __TI_Handler_Table_Limit
00000001   __TI_args_main
000007f9   __TI_auto_init
00000c23   __TI_decompress_none
00000c3f   __TI_decompress_rle24
00000000   __TI_static_base__
00000c11   __TI_zero_init
0000075d   __aeabi_memcpy
0000075d   __aeabi_memcpy4
0000075d   __aeabi_memcpy8
ffffffff   __binit__
ffffffff   __c_args__
20000548   __stack
00000bf9   _args_main
00000a05   _c_int00
2000065c   _cleanup_ptr
20000660   _dtors_ptr
20000654   _lock
00000bed   _nop
00000be7   _register_lock
00000be1   _register_unlock
20000000   _sys_memory
20000658   _unlock
00000a99   abort
0000064d   addTaskToList
ffffffff   binit
0000060f   calloc
000009b9   copy_in
20000540   currentTask
00000b71   delay
00000aa1   exit
0000035b   free
00000000   g_pfnVectors
00000b41   getNextTask
20000664   iTempRegister
00000ad9   initLeds
000008f5   main
2000066c   main_func_sp
000002f9   malloc
00000539   memalign
0000075d   memcpy
0000026d   minit
00000b1b   popRegistersFromCurrentPSP
00000b0d   pushRegistersToCurrentPSP
00000b2f   readMSP
00000b29   readPSP
00000425   realloc
00000a4d   schedule
20000400   taskList
20000544   taskToExecute
00000b8d   toggleBlue
00000ba9   toggleGreen
00000bc5   toggleRed
00000b3b   writeMSP
00000b35   writePSP


GLOBAL SYMBOLS: SORTED BY Symbol Address 

address    name
--------   ----
00000000   __TI_static_base__
00000000   g_pfnVectors
00000001   __TI_args_main
00000100   __STACK_SIZE
0000026d   minit
000002f9   malloc
0000035b   free
00000400   __SYSMEM_SIZE
00000425   realloc
00000539   memalign
0000060f   calloc
0000064d   addTaskToList
0000075d   __aeabi_memcpy
0000075d   __aeabi_memcpy4
0000075d   __aeabi_memcpy8
0000075d   memcpy
000007f9   __TI_auto_init
0000088d   PendSVISR
000008f5   main
000009b9   copy_in
00000a05   _c_int00
00000a4d   schedule
00000a95   C$$EXIT
00000a99   abort
00000aa1   exit
00000ad9   initLeds
00000b0d   pushRegistersToCurrentPSP
00000b1b   popRegistersFromCurrentPSP
00000b29   readPSP
00000b2f   readMSP
00000b35   writePSP
00000b3b   writeMSP
00000b41   getNextTask
00000b71   delay
00000b8d   toggleBlue
00000ba9   toggleGreen
00000bc5   toggleRed
00000be1   _register_unlock
00000be7   _register_lock
00000bed   _nop
00000bf9   _args_main
00000c11   __TI_zero_init
00000c23   __TI_decompress_none
00000c31   SystickISR
00000c39   ResetISR
00000c3f   __TI_decompress_rle24
00000c64   __TI_Handler_Table_Base
00000c70   __TI_Handler_Table_Limit
00000c78   __TI_CINIT_Base
00000c88   __TI_CINIT_Limit
20000000   _sys_memory
20000400   taskList
20000540   currentTask
20000544   taskToExecute
20000548   __stack
20000648   __STACK_END
20000648   __STACK_TOP
20000654   _lock
20000658   _unlock
2000065c   _cleanup_ptr
20000660   _dtors_ptr
20000664   iTempRegister
2000066c   main_func_sp
ffffffff   __binit__
ffffffff   __c_args__
ffffffff   binit
UNDEFED    SHT$$INIT_ARRAY$$Base
UNDEFED    SHT$$INIT_ARRAY$$Limit

[68 symbols]
